-- Logs begin at Mon 2020-01-06 18:07:28 CET, end at Tue 2020-01-07 16:14:50 CET. --
Jan 07 15:14:31 kyazdani kernel: Linux version 5.5.0-thor_kernel-00039-gae6088216ce4-dirty (root@kyazdani) (gcc version 9.2.0 (GCC)) #2 SMP Tue Jan 7 16:11:26 CET 2020
Jan 07 15:14:31 kyazdani kernel: Command line: BOOT_IMAGE=/vmlinuz-5.5-kyazdani root=/dev/sda3 video=1920x1080 ro splash quiet net.ifnames=0
Jan 07 15:14:31 kyazdani kernel: [Firmware Bug]: TSC doesn't count with P0 frequency!
Jan 07 15:14:31 kyazdani kernel: random: get_random_u32 called from bsp_init_amd+0x162/0x280 with crng_init=0
Jan 07 15:14:31 kyazdani kernel: x86/fpu: Supporting XSAVE feature 0x001: 'x87 floating point registers'
Jan 07 15:14:31 kyazdani kernel: x86/fpu: Supporting XSAVE feature 0x002: 'SSE registers'
Jan 07 15:14:31 kyazdani kernel: x86/fpu: Supporting XSAVE feature 0x004: 'AVX registers'
Jan 07 15:14:31 kyazdani kernel: x86/fpu: xstate_offset[2]:  576, xstate_sizes[2]:  256
Jan 07 15:14:31 kyazdani kernel: x86/fpu: Enabled xstate features 0x7, context size is 832 bytes, using 'standard' format.
Jan 07 15:14:31 kyazdani kernel: BIOS-provided physical RAM map:
Jan 07 15:14:31 kyazdani kernel: BIOS-e820: [mem 0x0000000000000000-0x000000000009fbff] usable
Jan 07 15:14:31 kyazdani kernel: BIOS-e820: [mem 0x000000000009fc00-0x000000000009ffff] reserved
Jan 07 15:14:31 kyazdani kernel: BIOS-e820: [mem 0x00000000000f0000-0x00000000000fffff] reserved
Jan 07 15:14:31 kyazdani kernel: BIOS-e820: [mem 0x0000000000100000-0x000000007ffeffff] usable
Jan 07 15:14:31 kyazdani kernel: BIOS-e820: [mem 0x000000007fff0000-0x000000007fffffff] ACPI data
Jan 07 15:14:31 kyazdani kernel: BIOS-e820: [mem 0x00000000fec00000-0x00000000fec00fff] reserved
Jan 07 15:14:31 kyazdani kernel: BIOS-e820: [mem 0x00000000fee00000-0x00000000fee00fff] reserved
Jan 07 15:14:31 kyazdani kernel: BIOS-e820: [mem 0x00000000fffc0000-0x00000000ffffffff] reserved
Jan 07 15:14:31 kyazdani kernel: NX (Execute Disable) protection: active
Jan 07 15:14:31 kyazdani kernel: SMBIOS 2.5 present.
Jan 07 15:14:31 kyazdani kernel: DMI: innotek GmbH VirtualBox/VirtualBox, BIOS VirtualBox 12/01/2006
Jan 07 15:14:31 kyazdani kernel: tsc: Fast TSC calibration using PIT
Jan 07 15:14:31 kyazdani kernel: tsc: Detected 4013.834 MHz processor
Jan 07 15:14:31 kyazdani kernel: e820: update [mem 0x00000000-0x00000fff] usable ==> reserved
Jan 07 15:14:31 kyazdani kernel: e820: remove [mem 0x000a0000-0x000fffff] usable
Jan 07 15:14:31 kyazdani kernel: last_pfn = 0x7fff0 max_arch_pfn = 0x400000000
Jan 07 15:14:31 kyazdani kernel: MTRR default type: uncachable
Jan 07 15:14:31 kyazdani kernel: MTRR variable ranges disabled:
Jan 07 15:14:31 kyazdani kernel: Disabled
Jan 07 15:14:31 kyazdani kernel: x86/PAT: MTRRs disabled, skipping PAT initialization too.
Jan 07 15:14:31 kyazdani kernel: CPU MTRRs all blank - virtualized system.
Jan 07 15:14:31 kyazdani kernel: x86/PAT: Configuration [0-7]: WB  WT  UC- UC  WB  WT  UC- UC  
Jan 07 15:14:31 kyazdani kernel: found SMP MP-table at [mem 0x0009fff0-0x0009ffff]
Jan 07 15:14:31 kyazdani kernel: check: Scanning 1 areas for low memory corruption
Jan 07 15:14:31 kyazdani kernel: BRK [0x69c01000, 0x69c01fff] PGTABLE
Jan 07 15:14:31 kyazdani kernel: BRK [0x69c02000, 0x69c02fff] PGTABLE
Jan 07 15:14:31 kyazdani kernel: BRK [0x69c03000, 0x69c03fff] PGTABLE
Jan 07 15:14:31 kyazdani kernel: BRK [0x69c04000, 0x69c04fff] PGTABLE
Jan 07 15:14:31 kyazdani kernel: BRK [0x69c05000, 0x69c05fff] PGTABLE
Jan 07 15:14:31 kyazdani kernel: BRK [0x69c06000, 0x69c06fff] PGTABLE
Jan 07 15:14:31 kyazdani kernel: ACPI: Early table checksum verification disabled
Jan 07 15:14:31 kyazdani kernel: ACPI: RSDP 0x00000000000E0000 000024 (v02 VBOX  )
Jan 07 15:14:31 kyazdani kernel: ACPI: XSDT 0x000000007FFF0030 00003C (v01 VBOX   VBOXXSDT 00000001 ASL  00000061)
Jan 07 15:14:31 kyazdani kernel: ACPI: FACP 0x000000007FFF00F0 0000F4 (v04 VBOX   VBOXFACP 00000001 ASL  00000061)
Jan 07 15:14:31 kyazdani kernel: ACPI: DSDT 0x000000007FFF0480 002325 (v02 VBOX   VBOXBIOS 00000002 INTL 20191018)
Jan 07 15:14:31 kyazdani kernel: ACPI: FACS 0x000000007FFF0200 000040
Jan 07 15:14:31 kyazdani kernel: ACPI: FACS 0x000000007FFF0200 000040
Jan 07 15:14:31 kyazdani kernel: ACPI: APIC 0x000000007FFF0240 00006C (v02 VBOX   VBOXAPIC 00000001 ASL  00000061)
Jan 07 15:14:31 kyazdani kernel: ACPI: SSDT 0x000000007FFF02B0 0001CC (v01 VBOX   VBOXCPUT 00000002 INTL 20191018)
Jan 07 15:14:31 kyazdani kernel: ACPI: Local APIC address 0xfee00000
Jan 07 15:14:31 kyazdani kernel: No NUMA configuration found
Jan 07 15:14:31 kyazdani kernel: Faking a node at [mem 0x0000000000000000-0x000000007ffeffff]
Jan 07 15:14:31 kyazdani kernel: NODE_DATA(0) allocated [mem 0x7ffec000-0x7ffeffff]
Jan 07 15:14:31 kyazdani kernel: Zone ranges:
Jan 07 15:14:31 kyazdani kernel:   DMA      [mem 0x0000000000001000-0x0000000000ffffff]
Jan 07 15:14:31 kyazdani kernel:   DMA32    [mem 0x0000000001000000-0x000000007ffeffff]
Jan 07 15:14:31 kyazdani kernel:   Normal   empty
Jan 07 15:14:31 kyazdani kernel: Movable zone start for each node
Jan 07 15:14:31 kyazdani kernel: Early memory node ranges
Jan 07 15:14:31 kyazdani kernel:   node   0: [mem 0x0000000000001000-0x000000000009efff]
Jan 07 15:14:31 kyazdani kernel:   node   0: [mem 0x0000000000100000-0x000000007ffeffff]
Jan 07 15:14:31 kyazdani kernel: Zeroed struct page in unavailable ranges: 98 pages
Jan 07 15:14:31 kyazdani kernel: Initmem setup node 0 [mem 0x0000000000001000-0x000000007ffeffff]
Jan 07 15:14:31 kyazdani kernel: On node 0 totalpages: 524174
Jan 07 15:14:31 kyazdani kernel:   DMA zone: 64 pages used for memmap
Jan 07 15:14:31 kyazdani kernel:   DMA zone: 21 pages reserved
Jan 07 15:14:31 kyazdani kernel:   DMA zone: 3998 pages, LIFO batch:0
Jan 07 15:14:31 kyazdani kernel:   DMA32 zone: 8128 pages used for memmap
Jan 07 15:14:31 kyazdani kernel:   DMA32 zone: 520176 pages, LIFO batch:63
Jan 07 15:14:31 kyazdani kernel: ACPI: PM-Timer IO Port: 0x4008
Jan 07 15:14:31 kyazdani kernel: ACPI: Local APIC address 0xfee00000
Jan 07 15:14:31 kyazdani kernel: IOAPIC[0]: apic_id 4, version 32, address 0xfec00000, GSI 0-23
Jan 07 15:14:31 kyazdani kernel: ACPI: INT_SRC_OVR (bus 0 bus_irq 0 global_irq 2 dfl dfl)
Jan 07 15:14:31 kyazdani kernel: ACPI: INT_SRC_OVR (bus 0 bus_irq 9 global_irq 9 low level)
Jan 07 15:14:31 kyazdani kernel: ACPI: IRQ0 used by override.
Jan 07 15:14:31 kyazdani kernel: ACPI: IRQ9 used by override.
Jan 07 15:14:31 kyazdani kernel: Using ACPI (MADT) for SMP configuration information
Jan 07 15:14:31 kyazdani kernel: smpboot: Allowing 4 CPUs, 0 hotplug CPUs
Jan 07 15:14:31 kyazdani kernel: PM: Registered nosave memory: [mem 0x00000000-0x00000fff]
Jan 07 15:14:31 kyazdani kernel: PM: Registered nosave memory: [mem 0x0009f000-0x0009ffff]
Jan 07 15:14:31 kyazdani kernel: PM: Registered nosave memory: [mem 0x000a0000-0x000effff]
Jan 07 15:14:31 kyazdani kernel: PM: Registered nosave memory: [mem 0x000f0000-0x000fffff]
Jan 07 15:14:31 kyazdani kernel: [mem 0x80000000-0xfebfffff] available for PCI devices
Jan 07 15:14:31 kyazdani kernel: clocksource: refined-jiffies: mask: 0xffffffff max_cycles: 0xffffffff, max_idle_ns: 1910969940391419 ns
Jan 07 15:14:31 kyazdani kernel: setup_percpu: NR_CPUS:64 nr_cpumask_bits:64 nr_cpu_ids:4 nr_node_ids:1
Jan 07 15:14:31 kyazdani kernel: percpu: Embedded 53 pages/cpu s176216 r8192 d32680 u524288
Jan 07 15:14:31 kyazdani kernel: pcpu-alloc: s176216 r8192 d32680 u524288 alloc=1*2097152
Jan 07 15:14:31 kyazdani kernel: pcpu-alloc: [0] 0 1 2 3 
Jan 07 15:14:31 kyazdani kernel: Built 1 zonelists, mobility grouping on.  Total pages: 515961
Jan 07 15:14:31 kyazdani kernel: Policy zone: DMA32
Jan 07 15:14:31 kyazdani kernel: Kernel command line: BOOT_IMAGE=/vmlinuz-5.5-kyazdani root=/dev/sda3 video=1920x1080 ro splash quiet net.ifnames=0
Jan 07 15:14:31 kyazdani kernel: Dentry cache hash table entries: 262144 (order: 9, 2097152 bytes, linear)
Jan 07 15:14:31 kyazdani kernel: Inode-cache hash table entries: 131072 (order: 8, 1048576 bytes, linear)
Jan 07 15:14:31 kyazdani kernel: mem auto-init: stack:off, heap alloc:off, heap free:off
Jan 07 15:14:31 kyazdani kernel: Memory: 2031136K/2096696K available (14340K kernel code, 1358K rwdata, 3292K rodata, 1336K init, 1068K bss, 65560K reserved, 0K cma-reserved)
Jan 07 15:14:31 kyazdani kernel: SLUB: HWalign=64, Order=0-3, MinObjects=0, CPUs=4, Nodes=1
Jan 07 15:14:31 kyazdani kernel: rcu: Hierarchical RCU implementation.
Jan 07 15:14:31 kyazdani kernel: rcu:         RCU event tracing is enabled.
Jan 07 15:14:31 kyazdani kernel: rcu:         RCU restricting CPUs from NR_CPUS=64 to nr_cpu_ids=4.
Jan 07 15:14:31 kyazdani kernel: rcu: RCU calculated value of scheduler-enlistment delay is 100 jiffies.
Jan 07 15:14:31 kyazdani kernel: rcu: Adjusting geometry for rcu_fanout_leaf=16, nr_cpu_ids=4
Jan 07 15:14:31 kyazdani kernel: NR_IRQS: 4352, nr_irqs: 456, preallocated irqs: 16
Jan 07 15:14:31 kyazdani kernel: Console: colour VGA+ 80x25
Jan 07 15:14:31 kyazdani kernel: printk: console [tty0] enabled
Jan 07 15:14:31 kyazdani kernel: ACPI: Core revision 20191018
Jan 07 15:14:31 kyazdani kernel: APIC: Switch to symmetric I/O mode setup
Jan 07 15:14:31 kyazdani kernel: ..TIMER: vector=0x30 apic1=0 pin1=2 apic2=-1 pin2=-1
Jan 07 15:14:31 kyazdani kernel: clocksource: tsc-early: mask: 0xffffffffffffffff max_cycles: 0x39db68f22d2, max_idle_ns: 440795261905 ns
Jan 07 15:14:31 kyazdani kernel: Calibrating delay loop (skipped), value calculated using timer frequency.. 8027.66 BogoMIPS (lpj=4013834)
Jan 07 15:14:31 kyazdani kernel: pid_max: default: 32768 minimum: 301
Jan 07 15:14:31 kyazdani kernel: LSM: Security Framework initializing
Jan 07 15:14:31 kyazdani kernel: SELinux:  Initializing.
Jan 07 15:14:31 kyazdani kernel: Mount-cache hash table entries: 4096 (order: 3, 32768 bytes, linear)
Jan 07 15:14:31 kyazdani kernel: Mountpoint-cache hash table entries: 4096 (order: 3, 32768 bytes, linear)
Jan 07 15:14:31 kyazdani kernel: Last level iTLB entries: 4KB 512, 2MB 1024, 4MB 512
Jan 07 15:14:31 kyazdani kernel: Last level dTLB entries: 4KB 1024, 2MB 1024, 4MB 512, 1GB 0
Jan 07 15:14:31 kyazdani kernel: Spectre V1 : Mitigation: usercopy/swapgs barriers and __user pointer sanitization
Jan 07 15:14:31 kyazdani kernel: Spectre V2 : Mitigation: Full AMD retpoline
Jan 07 15:14:31 kyazdani kernel: Spectre V2 : Spectre v2 / SpectreRSB mitigation: Filling RSB on context switch
Jan 07 15:14:31 kyazdani kernel: Speculative Store Bypass: Mitigation: Speculative Store Bypass disabled via prctl and seccomp
Jan 07 15:14:31 kyazdani kernel: Freeing SMP alternatives memory: 40K
Jan 07 15:14:31 kyazdani kernel: smpboot: CPU0: AMD FX(tm)-8350 Eight-Core Processor (family: 0x15, model: 0x2, stepping: 0x0)
Jan 07 15:14:31 kyazdani kernel: Performance Events: PMU not available due to virtualization, using software events only.
Jan 07 15:14:31 kyazdani kernel: rcu: Hierarchical SRCU implementation.
Jan 07 15:14:31 kyazdani kernel: MCE: In-kernel MCE decoding enabled.
Jan 07 15:14:31 kyazdani kernel: smp: Bringing up secondary CPUs ...
Jan 07 15:14:31 kyazdani kernel: x86: Booting SMP configuration:
Jan 07 15:14:31 kyazdani kernel: .... node  #0, CPUs:      #1 #2 #3
Jan 07 15:14:31 kyazdani kernel: smp: Brought up 1 node, 4 CPUs
Jan 07 15:14:31 kyazdani kernel: smpboot: Max logical packages: 1
Jan 07 15:14:31 kyazdani kernel: smpboot: Total of 4 processors activated (32110.67 BogoMIPS)
Jan 07 15:14:31 kyazdani kernel: devtmpfs: initialized
Jan 07 15:14:31 kyazdani kernel: clocksource: jiffies: mask: 0xffffffff max_cycles: 0xffffffff, max_idle_ns: 1911260446275000 ns
Jan 07 15:14:31 kyazdani kernel: futex hash table entries: 1024 (order: 4, 65536 bytes, linear)
Jan 07 15:14:31 kyazdani kernel: PM: RTC time: 15:14:30, date: 2020-01-07
Jan 07 15:14:31 kyazdani kernel: thermal_sys: Registered thermal governor 'step_wise'
Jan 07 15:14:31 kyazdani kernel: thermal_sys: Registered thermal governor 'user_space'
Jan 07 15:14:31 kyazdani kernel: NET: Registered protocol family 16
Jan 07 15:14:31 kyazdani kernel: audit: initializing netlink subsys (disabled)
Jan 07 15:14:31 kyazdani kernel: audit: type=2000 audit(1578410070.117:1): state=initialized audit_enabled=0 res=1
Jan 07 15:14:31 kyazdani kernel: cpuidle: using governor menu
Jan 07 15:14:31 kyazdani kernel: ACPI: bus type PCI registered
Jan 07 15:14:31 kyazdani kernel: PCI: Using configuration type 1 for base access
Jan 07 15:14:31 kyazdani kernel: PCI: Using configuration type 1 for extended access
Jan 07 15:14:31 kyazdani kernel: HugeTLB registered 2.00 MiB page size, pre-allocated 0 pages
Jan 07 15:14:31 kyazdani kernel: cryptomgr_test (36) used greatest stack depth: 15520 bytes left
Jan 07 15:14:31 kyazdani kernel: kworker/u8:0 (38) used greatest stack depth: 14152 bytes left
Jan 07 15:14:31 kyazdani kernel: ACPI: Added _OSI(Module Device)
Jan 07 15:14:31 kyazdani kernel: ACPI: Added _OSI(Processor Device)
Jan 07 15:14:31 kyazdani kernel: ACPI: Added _OSI(3.0 _SCP Extensions)
Jan 07 15:14:31 kyazdani kernel: ACPI: Added _OSI(Processor Aggregator Device)
Jan 07 15:14:31 kyazdani kernel: ACPI: Added _OSI(Linux-Dell-Video)
Jan 07 15:14:31 kyazdani kernel: ACPI: Added _OSI(Linux-Lenovo-NV-HDMI-Audio)
Jan 07 15:14:31 kyazdani kernel: ACPI: Added _OSI(Linux-HPI-Hybrid-Graphics)
Jan 07 15:14:31 kyazdani kernel: ACPI: 2 ACPI AML tables successfully acquired and loaded
Jan 07 15:14:31 kyazdani kernel: ACPI: Interpreter enabled
Jan 07 15:14:31 kyazdani kernel: ACPI: (supports S0 S5)
Jan 07 15:14:31 kyazdani kernel: ACPI: Using IOAPIC for interrupt routing
Jan 07 15:14:31 kyazdani kernel: PCI: Using host bridge windows from ACPI; if necessary, use "pci=nocrs" and report a bug
Jan 07 15:14:31 kyazdani kernel: ACPI: Enabled 2 GPEs in block 00 to 07
Jan 07 15:14:31 kyazdani kernel: ACPI: PCI Root Bridge [PCI0] (domain 0000 [bus 00-ff])
Jan 07 15:14:31 kyazdani kernel: acpi PNP0A03:00: _OSC: OS supports [ExtendedConfig ASPM ClockPM Segments MSI HPX-Type3]
Jan 07 15:14:31 kyazdani kernel: acpi PNP0A03:00: _OSC: platform does not support [PCIeCapability LTR]
Jan 07 15:14:31 kyazdani kernel: acpi PNP0A03:00: _OSC: not requesting control; platform does not support [PCIeCapability]
Jan 07 15:14:31 kyazdani kernel: acpi PNP0A03:00: _OSC: OS requested [PME AER PCIeCapability LTR]
Jan 07 15:14:31 kyazdani kernel: acpi PNP0A03:00: _OSC: platform willing to grant [PME AER]
Jan 07 15:14:31 kyazdani kernel: acpi PNP0A03:00: _OSC failed (AE_SUPPORT); disabling ASPM
Jan 07 15:14:31 kyazdani kernel: PCI host bridge to bus 0000:00
Jan 07 15:14:31 kyazdani kernel: pci_bus 0000:00: root bus resource [io  0x0000-0x0cf7 window]
Jan 07 15:14:31 kyazdani kernel: pci_bus 0000:00: root bus resource [io  0x0d00-0xffff window]
Jan 07 15:14:31 kyazdani kernel: pci_bus 0000:00: root bus resource [mem 0x000a0000-0x000bffff window]
Jan 07 15:14:31 kyazdani kernel: pci_bus 0000:00: root bus resource [mem 0x80000000-0xfdffffff window]
Jan 07 15:14:31 kyazdani kernel: pci_bus 0000:00: root bus resource [bus 00-ff]
Jan 07 15:14:31 kyazdani kernel: pci 0000:00:00.0: [8086:1237] type 00 class 0x060000
Jan 07 15:14:31 kyazdani kernel: pci 0000:00:01.0: [8086:7000] type 00 class 0x060100
Jan 07 15:14:31 kyazdani kernel: pci 0000:00:02.0: [15ad:0405] type 00 class 0x030000
Jan 07 15:14:31 kyazdani kernel: pci 0000:00:02.0: reg 0x10: [io  0xd000-0xd00f]
Jan 07 15:14:31 kyazdani kernel: pci 0000:00:02.0: reg 0x14: [mem 0xf0000000-0xf3ffffff pref]
Jan 07 15:14:31 kyazdani kernel: pci 0000:00:02.0: reg 0x18: [mem 0xf4000000-0xf41fffff]
Jan 07 15:14:31 kyazdani kernel: pci 0000:00:03.0: [8086:100e] type 00 class 0x020000
Jan 07 15:14:31 kyazdani kernel: pci 0000:00:03.0: reg 0x10: [mem 0xf4200000-0xf421ffff]
Jan 07 15:14:31 kyazdani kernel: pci 0000:00:03.0: reg 0x18: [io  0xd010-0xd017]
Jan 07 15:14:31 kyazdani kernel: pci 0000:00:04.0: [80ee:cafe] type 00 class 0x088000
Jan 07 15:14:31 kyazdani kernel: pci 0000:00:04.0: reg 0x10: [io  0xd020-0xd03f]
Jan 07 15:14:31 kyazdani kernel: pci 0000:00:04.0: reg 0x14: [mem 0xf4400000-0xf47fffff]
Jan 07 15:14:31 kyazdani kernel: pci 0000:00:04.0: reg 0x18: [mem 0xf4800000-0xf4803fff pref]
Jan 07 15:14:31 kyazdani kernel: pci 0000:00:06.0: [106b:003f] type 00 class 0x0c0310
Jan 07 15:14:31 kyazdani kernel: pci 0000:00:06.0: reg 0x10: [mem 0xf4804000-0xf4804fff]
Jan 07 15:14:31 kyazdani kernel: pci 0000:00:07.0: [8086:7113] type 00 class 0x068000
Jan 07 15:14:31 kyazdani kernel: pci 0000:00:07.0: quirk: [io  0x4000-0x403f] claimed by PIIX4 ACPI
Jan 07 15:14:31 kyazdani kernel: pci 0000:00:07.0: quirk: [io  0x4100-0x410f] claimed by PIIX4 SMB
Jan 07 15:14:31 kyazdani kernel: pci 0000:00:0d.0: [8086:2829] type 00 class 0x010601
Jan 07 15:14:31 kyazdani kernel: pci 0000:00:0d.0: reg 0x10: [io  0xd040-0xd047]
Jan 07 15:14:31 kyazdani kernel: pci 0000:00:0d.0: reg 0x14: [io  0xd048-0xd04b]
Jan 07 15:14:31 kyazdani kernel: pci 0000:00:0d.0: reg 0x18: [io  0xd050-0xd057]
Jan 07 15:14:31 kyazdani kernel: pci 0000:00:0d.0: reg 0x1c: [io  0xd058-0xd05b]
Jan 07 15:14:31 kyazdani kernel: pci 0000:00:0d.0: reg 0x20: [io  0xd060-0xd06f]
Jan 07 15:14:31 kyazdani kernel: pci 0000:00:0d.0: reg 0x24: [mem 0xf4806000-0xf4807fff]
Jan 07 15:14:31 kyazdani kernel: ACPI: PCI Interrupt Link [LNKA] (IRQs 5 9 10 *11)
Jan 07 15:14:31 kyazdani kernel: ACPI: PCI Interrupt Link [LNKB] (IRQs 5 9 *10 11)
Jan 07 15:14:31 kyazdani kernel: ACPI: PCI Interrupt Link [LNKC] (IRQs 5 *9 10 11)
Jan 07 15:14:31 kyazdani kernel: ACPI: PCI Interrupt Link [LNKD] (IRQs 5 9 10 *11)
Jan 07 15:14:31 kyazdani kernel: iommu: Default domain type: Translated 
Jan 07 15:14:31 kyazdani kernel: pci 0000:00:02.0: vgaarb: setting as boot VGA device
Jan 07 15:14:31 kyazdani kernel: pci 0000:00:02.0: vgaarb: VGA device added: decodes=io+mem,owns=io+mem,locks=none
Jan 07 15:14:31 kyazdani kernel: pci 0000:00:02.0: vgaarb: bridge control possible
Jan 07 15:14:31 kyazdani kernel: vgaarb: loaded
Jan 07 15:14:31 kyazdani kernel: SCSI subsystem initialized
Jan 07 15:14:31 kyazdani kernel: libata version 3.00 loaded.
Jan 07 15:14:31 kyazdani kernel: ACPI: bus type USB registered
Jan 07 15:14:31 kyazdani kernel: usbcore: registered new interface driver usbfs
Jan 07 15:14:31 kyazdani kernel: usbcore: registered new interface driver hub
Jan 07 15:14:31 kyazdani kernel: usbcore: registered new device driver usb
Jan 07 15:14:31 kyazdani kernel: pps_core: LinuxPPS API ver. 1 registered
Jan 07 15:14:31 kyazdani kernel: pps_core: Software ver. 5.3.6 - Copyright 2005-2007 Rodolfo Giometti <giometti@linux.it>
Jan 07 15:14:31 kyazdani kernel: PTP clock support registered
Jan 07 15:14:31 kyazdani kernel: EDAC MC: Ver: 3.0.0
Jan 07 15:14:31 kyazdani kernel: Advanced Linux Sound Architecture Driver Initialized.
Jan 07 15:14:31 kyazdani kernel: PCI: Using ACPI for IRQ routing
Jan 07 15:14:31 kyazdani kernel: PCI: pci_cache_line_size set to 64 bytes
Jan 07 15:14:31 kyazdani kernel: e820: reserve RAM buffer [mem 0x0009fc00-0x0009ffff]
Jan 07 15:14:31 kyazdani kernel: e820: reserve RAM buffer [mem 0x7fff0000-0x7fffffff]
Jan 07 15:14:31 kyazdani kernel: NetLabel: Initializing
Jan 07 15:14:31 kyazdani kernel: NetLabel:  domain hash size = 128
Jan 07 15:14:31 kyazdani kernel: NetLabel:  protocols = UNLABELED CIPSOv4 CALIPSO
Jan 07 15:14:31 kyazdani kernel: NetLabel:  unlabeled traffic allowed by default
Jan 07 15:14:31 kyazdani kernel: clocksource: Switched to clocksource tsc-early
Jan 07 15:14:31 kyazdani kernel: VFS: Disk quotas dquot_6.6.0
Jan 07 15:14:31 kyazdani kernel: VFS: Dquot-cache hash table entries: 512 (order 0, 4096 bytes)
Jan 07 15:14:31 kyazdani kernel: pnp: PnP ACPI init
Jan 07 15:14:31 kyazdani kernel: pnp 00:00: Plug and Play ACPI device, IDs PNP0303 (active)
Jan 07 15:14:31 kyazdani kernel: pnp 00:01: Plug and Play ACPI device, IDs PNP0f03 (active)
Jan 07 15:14:31 kyazdani kernel: pnp: PnP ACPI: found 2 devices
Jan 07 15:14:31 kyazdani kernel: clocksource: acpi_pm: mask: 0xffffff max_cycles: 0xffffff, max_idle_ns: 2085701024 ns
Jan 07 15:14:31 kyazdani kernel: pci_bus 0000:00: resource 4 [io  0x0000-0x0cf7 window]
Jan 07 15:14:31 kyazdani kernel: pci_bus 0000:00: resource 5 [io  0x0d00-0xffff window]
Jan 07 15:14:31 kyazdani kernel: pci_bus 0000:00: resource 6 [mem 0x000a0000-0x000bffff window]
Jan 07 15:14:31 kyazdani kernel: pci_bus 0000:00: resource 7 [mem 0x80000000-0xfdffffff window]
Jan 07 15:14:31 kyazdani kernel: NET: Registered protocol family 2
Jan 07 15:14:31 kyazdani kernel: tcp_listen_portaddr_hash hash table entries: 1024 (order: 2, 16384 bytes, linear)
Jan 07 15:14:31 kyazdani kernel: TCP established hash table entries: 16384 (order: 5, 131072 bytes, linear)
Jan 07 15:14:31 kyazdani kernel: TCP bind hash table entries: 16384 (order: 6, 262144 bytes, linear)
Jan 07 15:14:31 kyazdani kernel: TCP: Hash tables configured (established 16384 bind 16384)
Jan 07 15:14:31 kyazdani kernel: UDP hash table entries: 1024 (order: 3, 32768 bytes, linear)
Jan 07 15:14:31 kyazdani kernel: UDP-Lite hash table entries: 1024 (order: 3, 32768 bytes, linear)
Jan 07 15:14:31 kyazdani kernel: NET: Registered protocol family 1
Jan 07 15:14:31 kyazdani kernel: RPC: Registered named UNIX socket transport module.
Jan 07 15:14:31 kyazdani kernel: RPC: Registered udp transport module.
Jan 07 15:14:31 kyazdani kernel: RPC: Registered tcp transport module.
Jan 07 15:14:31 kyazdani kernel: RPC: Registered tcp NFSv4.1 backchannel transport module.
Jan 07 15:14:31 kyazdani kernel: pci 0000:00:00.0: Limiting direct PCI/PCI transfers
Jan 07 15:14:31 kyazdani kernel: pci 0000:00:01.0: Activating ISA DMA hang workarounds
Jan 07 15:14:31 kyazdani kernel: pci 0000:00:02.0: Video device with shadowed ROM at [mem 0x000c0000-0x000dffff]
Jan 07 15:14:31 kyazdani kernel: PCI: CLS 0 bytes, default 64
Jan 07 15:14:31 kyazdani kernel: platform rtc_cmos: registered platform RTC device (no PNP device found)
Jan 07 15:14:31 kyazdani kernel: check: Scanning for low memory corruption every 60 seconds
Jan 07 15:14:31 kyazdani kernel: Initialise system trusted keyrings
Jan 07 15:14:31 kyazdani kernel: workingset: timestamp_bits=56 max_order=19 bucket_order=0
Jan 07 15:14:31 kyazdani kernel: NFS: Registering the id_resolver key type
Jan 07 15:14:31 kyazdani kernel: Key type id_resolver registered
Jan 07 15:14:31 kyazdani kernel: Key type id_legacy registered
Jan 07 15:14:31 kyazdani kernel: Key type asymmetric registered
Jan 07 15:14:31 kyazdani kernel: Asymmetric key parser 'x509' registered
Jan 07 15:14:31 kyazdani kernel: Block layer SCSI generic (bsg) driver version 0.4 loaded (major 251)
Jan 07 15:14:31 kyazdani kernel: io scheduler mq-deadline registered
Jan 07 15:14:31 kyazdani kernel: io scheduler kyber registered
Jan 07 15:14:31 kyazdani kernel: ACPI: AC Adapter [AC] (on-line)
Jan 07 15:14:31 kyazdani kernel: input: Power Button as /devices/LNXSYSTM:00/LNXPWRBN:00/input/input0
Jan 07 15:14:31 kyazdani kernel: ACPI: Power Button [PWRF]
Jan 07 15:14:31 kyazdani kernel: input: Sleep Button as /devices/LNXSYSTM:00/LNXSLPBN:00/input/input1
Jan 07 15:14:31 kyazdani kernel: ACPI: Sleep Button [SLPF]
Jan 07 15:14:31 kyazdani kernel: ACPI: Video Device [GFX0] (multi-head: yes  rom: no  post: no)
Jan 07 15:14:31 kyazdani kernel: input: Video Bus as /devices/LNXSYSTM:00/LNXSYBUS:00/PNP0A03:00/LNXVIDEO:00/input/input2
Jan 07 15:14:31 kyazdani kernel: Serial: 8250/16550 driver, 4 ports, IRQ sharing enabled
Jan 07 15:14:31 kyazdani kernel: Non-volatile memory driver v1.3
Jan 07 15:14:31 kyazdani kernel: Linux agpgart interface v0.103
Jan 07 15:14:31 kyazdani kernel: loop: module loaded
Jan 07 15:14:31 kyazdani kernel: ahci 0000:00:0d.0: version 3.0
Jan 07 15:14:31 kyazdani kernel: ahci 0000:00:0d.0: SSS flag set, parallel bus scan disabled
Jan 07 15:14:31 kyazdani kernel: ahci 0000:00:0d.0: AHCI 0001.0100 32 slots 1 ports 3 Gbps 0x1 impl SATA mode
Jan 07 15:14:31 kyazdani kernel: ahci 0000:00:0d.0: flags: 64bit ncq stag only ccc 
Jan 07 15:14:31 kyazdani kernel: scsi host0: ahci
Jan 07 15:14:31 kyazdani kernel: ata1: SATA max UDMA/133 abar m8192@0xf4806000 port 0xf4806100 irq 21
Jan 07 15:14:31 kyazdani kernel: e100: Intel(R) PRO/100 Network Driver, 3.5.24-k2-NAPI
Jan 07 15:14:31 kyazdani kernel: e100: Copyright(c) 1999-2006 Intel Corporation
Jan 07 15:14:31 kyazdani kernel: e1000: Intel(R) PRO/1000 Network Driver - version 7.3.21-k8-NAPI
Jan 07 15:14:31 kyazdani kernel: e1000: Copyright (c) 1999-2006 Intel Corporation.
Jan 07 15:14:31 kyazdani kernel: ata1: SATA link up 3.0 Gbps (SStatus 123 SControl 300)
Jan 07 15:14:31 kyazdani kernel: ata1.00: ATA-6: VBOX HARDDISK, 1.0, max UDMA/133
Jan 07 15:14:31 kyazdani kernel: ata1.00: 62914560 sectors, multi 128: LBA48 NCQ (depth 32)
Jan 07 15:14:31 kyazdani kernel: ata1.00: configured for UDMA/133
Jan 07 15:14:31 kyazdani kernel: scsi 0:0:0:0: Direct-Access     ATA      VBOX HARDDISK    1.0  PQ: 0 ANSI: 5
Jan 07 15:14:31 kyazdani kernel: scsi 0:0:0:0: Attached scsi generic sg0 type 0
Jan 07 15:14:31 kyazdani kernel: sd 0:0:0:0: [sda] 62914560 512-byte logical blocks: (32.2 GB/30.0 GiB)
Jan 07 15:14:31 kyazdani kernel: sd 0:0:0:0: [sda] Write Protect is off
Jan 07 15:14:31 kyazdani kernel: sd 0:0:0:0: [sda] Mode Sense: 00 3a 00 00
Jan 07 15:14:31 kyazdani kernel: sd 0:0:0:0: [sda] Write cache: enabled, read cache: enabled, doesn't support DPO or FUA
Jan 07 15:14:31 kyazdani kernel:  sda: sda1 sda2 sda3 sda4
Jan 07 15:14:31 kyazdani kernel: sd 0:0:0:0: [sda] Attached SCSI disk
Jan 07 15:14:31 kyazdani kernel: e1000 0000:00:03.0 eth0: (PCI:33MHz:32-bit) 08:00:27:d8:2b:53
Jan 07 15:14:31 kyazdani kernel: e1000 0000:00:03.0 eth0: Intel(R) PRO/1000 Network Connection
Jan 07 15:14:31 kyazdani kernel: e1000e: Intel(R) PRO/1000 Network Driver - 3.2.6-k
Jan 07 15:14:31 kyazdani kernel: e1000e: Copyright(c) 1999 - 2015 Intel Corporation.
Jan 07 15:14:31 kyazdani kernel: sky2: driver version 1.30
Jan 07 15:14:31 kyazdani kernel: ehci_hcd: USB 2.0 'Enhanced' Host Controller (EHCI) Driver
Jan 07 15:14:31 kyazdani kernel: ehci-pci: EHCI PCI platform driver
Jan 07 15:14:31 kyazdani kernel: ohci_hcd: USB 1.1 'Open' Host Controller (OHCI) Driver
Jan 07 15:14:31 kyazdani kernel: ohci-pci: OHCI PCI platform driver
Jan 07 15:14:31 kyazdani kernel: ohci-pci 0000:00:06.0: OHCI PCI host controller
Jan 07 15:14:31 kyazdani kernel: ohci-pci 0000:00:06.0: new USB bus registered, assigned bus number 1
Jan 07 15:14:31 kyazdani kernel: ohci-pci 0000:00:06.0: irq 22, io mem 0xf4804000
Jan 07 15:14:31 kyazdani kernel: usb usb1: New USB device found, idVendor=1d6b, idProduct=0001, bcdDevice= 5.05
Jan 07 15:14:31 kyazdani kernel: usb usb1: New USB device strings: Mfr=3, Product=2, SerialNumber=1
Jan 07 15:14:31 kyazdani kernel: usb usb1: Product: OHCI PCI host controller
Jan 07 15:14:31 kyazdani kernel: usb usb1: Manufacturer: Linux 5.5.0-thor_kernel-00039-gae6088216ce4-dirty ohci_hcd
Jan 07 15:14:31 kyazdani kernel: usb usb1: SerialNumber: 0000:00:06.0
Jan 07 15:14:31 kyazdani kernel: hub 1-0:1.0: USB hub found
Jan 07 15:14:31 kyazdani kernel: hub 1-0:1.0: 12 ports detected
Jan 07 15:14:31 kyazdani kernel: uhci_hcd: USB Universal Host Controller Interface driver
Jan 07 15:14:31 kyazdani kernel: usbcore: registered new interface driver usblp
Jan 07 15:14:31 kyazdani kernel: usbcore: registered new interface driver usb-storage
Jan 07 15:14:31 kyazdani kernel: i8042: PNP: PS/2 Controller [PNP0303:PS2K,PNP0f03:PS2M] at 0x60,0x64 irq 1,12
Jan 07 15:14:31 kyazdani kernel: serio: i8042 KBD port at 0x60,0x64 irq 1
Jan 07 15:14:31 kyazdani kernel: serio: i8042 AUX port at 0x60,0x64 irq 12
Jan 07 15:14:31 kyazdani kernel: input: AT Translated Set 2 keyboard as /devices/platform/i8042/serio0/input/input3
Jan 07 15:14:31 kyazdani kernel: rtc_cmos rtc_cmos: registered as rtc0
Jan 07 15:14:31 kyazdani kernel: rtc_cmos rtc_cmos: alarms up to one day, 114 bytes nvram
Jan 07 15:14:31 kyazdani kernel: device-mapper: ioctl: 4.41.0-ioctl (2019-09-16) initialised: dm-devel@redhat.com
Jan 07 15:14:31 kyazdani kernel: hid: raw HID events driver (C) Jiri Kosina
Jan 07 15:14:31 kyazdani kernel: usbcore: registered new interface driver usbhid
Jan 07 15:14:31 kyazdani kernel: usbhid: USB HID core driver
Jan 07 15:14:31 kyazdani kernel: x86/pm: family 0x15 cpu detected, MSR saving is needed during suspending.
Jan 07 15:14:31 kyazdani kernel: Initializing XFRM netlink socket
Jan 07 15:14:31 kyazdani kernel: NET: Registered protocol family 10
Jan 07 15:14:31 kyazdani kernel: Segment Routing with IPv6
Jan 07 15:14:31 kyazdani kernel: sit: IPv6, IPv4 and MPLS over IPv4 tunneling driver
Jan 07 15:14:31 kyazdani kernel: NET: Registered protocol family 17
Jan 07 15:14:31 kyazdani kernel: Key type dns_resolver registered
Jan 07 15:14:31 kyazdani kernel: IPI shorthand broadcast: enabled
Jan 07 15:14:31 kyazdani kernel: sched_clock: Marking stable (873797196, 6954010)->(885278388, -4527182)
Jan 07 15:14:31 kyazdani kernel: registered taskstats version 1
Jan 07 15:14:31 kyazdani kernel: Loading compiled-in X.509 certificates
Jan 07 15:14:31 kyazdani kernel: PM:   Magic number: 4:253:234
Jan 07 15:14:31 kyazdani kernel: printk: console [netcon0] enabled
Jan 07 15:14:31 kyazdani kernel: netconsole: network logging started
Jan 07 15:14:31 kyazdani kernel: cfg80211: Loading compiled-in X.509 certificates for regulatory database
Jan 07 15:14:31 kyazdani kernel: cfg80211: Loaded X.509 cert 'sforshee: 00b28ddf47aef9cea7'
Jan 07 15:14:31 kyazdani kernel: platform regulatory.0: Direct firmware load for regulatory.db failed with error -2
Jan 07 15:14:31 kyazdani kernel: cfg80211: failed to load regulatory.db
Jan 07 15:14:31 kyazdani kernel: ALSA device list:
Jan 07 15:14:31 kyazdani kernel:   No soundcards found.
Jan 07 15:14:31 kyazdani kernel: input: ImExPS/2 Generic Explorer Mouse as /devices/platform/i8042/serio1/input/input5
Jan 07 15:14:31 kyazdani kernel: md: Waiting for all devices to be available before autodetect
Jan 07 15:14:31 kyazdani kernel: md: If you don't use raid, use raid=noautodetect
Jan 07 15:14:31 kyazdani kernel: md: Autodetecting RAID arrays.
Jan 07 15:14:31 kyazdani kernel: md: autorun ...
Jan 07 15:14:31 kyazdani kernel: md: ... autorun DONE.
Jan 07 15:14:31 kyazdani kernel: EXT4-fs (sda3): mounted filesystem with ordered data mode. Opts: (null)
Jan 07 15:14:31 kyazdani kernel: VFS: Mounted root (ext4 filesystem) readonly on device 8:3.
Jan 07 15:14:31 kyazdani kernel: devtmpfs: mounted
Jan 07 15:14:31 kyazdani kernel: Freeing unused kernel image (initmem) memory: 1336K
Jan 07 15:14:31 kyazdani kernel: Write protecting the kernel read-only data: 20480k
Jan 07 15:14:31 kyazdani kernel: Freeing unused kernel image (text/rodata gap) memory: 2040K
Jan 07 15:14:31 kyazdani kernel: Freeing unused kernel image (rodata/data gap) memory: 804K
Jan 07 15:14:31 kyazdani kernel: Run /sbin/init as init process
Jan 07 15:14:31 kyazdani kernel: random: fast init done
Jan 07 15:14:31 kyazdani systemd[1]: RTC configured in localtime, applying delta of 60 minutes to system time.
Jan 07 15:14:31 kyazdani systemd[1]: systemd 244 running in system mode. (-PAM -AUDIT -SELINUX +IMA -APPARMOR +SMACK +SYSVINIT +UTMP -LIBCRYPTSETUP -GCRYPT -GNUTLS +ACL +XZ -LZ4 -SECCOMP +BLKID -ELFUTILS +KMOD -IDN2 -IDN -PCRE2 default-hierarchy=unified)
Jan 07 15:14:31 kyazdani systemd[1]: Detected virtualization oracle.
Jan 07 15:14:31 kyazdani systemd[1]: Detected architecture x86-64.
Jan 07 15:14:31 kyazdani systemd[1]: Set hostname to <kyazdani>.
Jan 07 15:14:31 kyazdani systemd[1]: Couldn't move remaining userspace processes, ignoring: Input/output error
Jan 07 15:14:31 kyazdani kernel: systemd-debug-g (112) used greatest stack depth: 13864 bytes left
Jan 07 15:14:31 kyazdani kernel: systemd-sysv-ge (120) used greatest stack depth: 13656 bytes left
Jan 07 15:14:31 kyazdani systemd[1]: /lib/systemd/system/dbus.socket:5: ListenStream= references a path below legacy directory /var/run/, updating /var/run/dbus/system_bus_socket â†’ /run/dbus/system_bus_socket; please update the unit file accordingly.
Jan 07 15:14:31 kyazdani kernel: random: systemd: uninitialized urandom read (16 bytes read)
Jan 07 15:14:31 kyazdani systemd[1]: system-getty.slice: unit configures an IP firewall, but the local system does not support BPF/cgroup firewalling.
Jan 07 15:14:31 kyazdani systemd[1]: (This warning is only shown for the first unit using IP firewalling.)
Jan 07 15:14:31 kyazdani systemd[1]: Created slice system-getty.slice.
Jan 07 15:14:31 kyazdani kernel: random: systemd: uninitialized urandom read (16 bytes read)
Jan 07 15:14:31 kyazdani systemd[1]: Created slice system-systemd\x2dfsck.slice.
Jan 07 15:14:31 kyazdani kernel: random: systemd: uninitialized urandom read (16 bytes read)
Jan 07 15:14:31 kyazdani systemd[1]: Created slice User and Session Slice.
Jan 07 15:14:31 kyazdani systemd[1]: Started Dispatch Password Requests to Console Directory Watch.
Jan 07 15:14:31 kyazdani systemd[1]: Started Forward Password Requests to Wall Directory Watch.
Jan 07 15:14:31 kyazdani systemd[1]: Set up automount Arbitrary Executable File Formats File System Automount Point.
Jan 07 15:14:31 kyazdani systemd[1]: Reached target Paths.
Jan 07 15:14:31 kyazdani systemd[1]: Reached target Remote File Systems.
Jan 07 15:14:31 kyazdani systemd[1]: Reached target Slices.
Jan 07 15:14:31 kyazdani systemd[1]: Listening on Process Core Dump Socket.
Jan 07 15:14:31 kyazdani systemd[1]: Listening on initctl Compatibility Named Pipe.
Jan 07 15:14:31 kyazdani systemd[1]: Listening on Journal Audit Socket.
Jan 07 15:14:31 kyazdani systemd[1]: Listening on Journal Socket (/dev/log).
Jan 07 15:14:31 kyazdani systemd[1]: Listening on Journal Socket.
Jan 07 15:14:31 kyazdani systemd[1]: Listening on Network Service Netlink Socket.
Jan 07 15:14:31 kyazdani systemd[1]: Listening on udev Control Socket.
Jan 07 15:14:31 kyazdani systemd[1]: Listening on udev Kernel Socket.
Jan 07 15:14:31 kyazdani systemd[1]: Mounting Huge Pages File System...
Jan 07 15:14:31 kyazdani systemd[1]: Mounting POSIX Message Queue File System...
Jan 07 15:14:31 kyazdani systemd[1]: Mounting Arbitrary Executable File Formats File System...
Jan 07 15:14:31 kyazdani systemd[1]: Mounting Kernel Debug File System...
Jan 07 15:14:31 kyazdani systemd[1]: Condition check resulted in Create list of static device nodes for the current kernel being skipped.
Jan 07 15:14:31 kyazdani systemd[1]: Starting File System Check on Root Device...
Jan 07 15:14:31 kyazdani systemd[1]: Starting Journal Service...
Jan 07 15:14:31 kyazdani systemd[1]: Condition check resulted in Load Kernel Modules being skipped.
Jan 07 15:14:31 kyazdani systemd[1]: Condition check resulted in FUSE Control File System being skipped.
Jan 07 15:14:31 kyazdani systemd[1]: Condition check resulted in Kernel Configuration File System being skipped.
Jan 07 15:14:31 kyazdani systemd[1]: Starting Apply Kernel Variables...
Jan 07 15:14:31 kyazdani systemd[1]: Starting Create Static Device Nodes in /dev...
Jan 07 15:14:31 kyazdani systemd[1]: Starting udev Coldplug all Devices...
Jan 07 15:14:31 kyazdani systemd[1]: Mounted Huge Pages File System.
Jan 07 15:14:31 kyazdani kernel: mount (123) used greatest stack depth: 13600 bytes left
Jan 07 15:14:31 kyazdani systemd[1]: Mounted POSIX Message Queue File System.
Jan 07 15:14:31 kyazdani systemd[1]: Mounted Arbitrary Executable File Formats File System.
Jan 07 15:14:31 kyazdani systemd[1]: Mounted Kernel Debug File System.
Jan 07 15:14:31 kyazdani systemd[1]: Condition check resulted in Set Up Additional Binary Formats being skipped.
Jan 07 15:14:31 kyazdani systemd[1]: Started Apply Kernel Variables.
Jan 07 15:14:31 kyazdani systemd[1]: Started Journal Service.
Jan 07 15:14:31 kyazdani kernel: EXT4-fs (sda3): re-mounted. Opts: (null)
Jan 07 15:14:31 kyazdani kernel: journal-offline (142) used greatest stack depth: 12888 bytes left
Jan 07 15:14:31 kyazdani kernel: Adding 4194280k swap on /dev/sda4.  Priority:1 extents:1 across:4194280k 
Jan 07 15:14:31 kyazdani kernel: tsc: Refined TSC clocksource calibration: 4013.477 MHz
Jan 07 15:14:31 kyazdani kernel: clocksource: tsc: mask: 0xffffffffffffffff max_cycles: 0x39da17740eb, max_idle_ns: 440795244822 ns
Jan 07 15:14:31 kyazdani kernel: clocksource: Switched to clocksource tsc
Jan 07 15:14:31 kyazdani kernel: EXT4-fs (sda2): mounted filesystem with ordered data mode. Opts: (null)
Jan 07 15:14:31 kyazdani kernel: ext4 filesystem being mounted at /boot supports timestamps until 2038 (0x7fffffff)
Jan 07 16:14:22 kyazdani kernel: random: crng init done
Jan 07 16:14:22 kyazdani kernel: random: 7 urandom warning(s) missed due to ratelimiting
Jan 07 16:14:23 kyazdani kernel: e1000: eth0 NIC Link is Up 1000 Mbps Full Duplex, Flow Control: RX
Jan 07 16:14:23 kyazdani kernel: IPv6: ADDRCONF(NETDEV_CHANGE): eth0: link becomes ready
Jan 07 16:14:42 kyazdani kernel: hrtimer: interrupt took 3607900 ns
